check for !=Goes here.
Goes here.
Goes here.
Goes here.
check for ==Goes here.
Goes here.
Goes here.
Goes here.
check for <=Goes here.
Never goes here.
Goes here.
Goes here.
check for >Never goes here.
Goes here.
Never goes here.
Never goes here.
check for >=Goes here.
Goes here.
Never goes here.
Goes here.
check for <Never goes here.
Never goes here.
Goes here.
Never goes here.
